// Jest Snapshot v1, https://goo.gl/fbAQLP

exports[`Search renders correctly 1`] = `
ShallowWrapper {
  "length": 1,
  Symbol(enzyme.__root__): [Circular],
  Symbol(enzyme.__unrendered__): <Search />,
  Symbol(enzyme.__renderer__): Object {
    "batchedUpdates": [Function],
    "getNode": [Function],
    "render": [Function],
    "simulateEvent": [Function],
    "unmount": [Function],
  },
  Symbol(enzyme.__node__): Object {
    "instance": null,
    "key": undefined,
    "nodeType": "host",
    "props": Object {
      "children": Array [
        <Header
          handleSearchTermChange={[Function]}
          searchTerm=""
          showSearch={true}
        />,
        <button
          onClick={[Function]}
        >
          Search Gifs
        </button>,
        <button
          onClick={[Function]}
        >
          Random Gif
        </button>,
        <Link
          replace={false}
          to="/faves"
        >
          <button>
            Faves
          </button>
        </Link>,
        <div
          className="row"
        >
          <div
            className="col-3"
          >
            <img
              alt={undefined}
              src={undefined}
            />
          </div>
        </div>,
        <Footer />,
      ],
      "className": "app",
    },
    "ref": null,
    "rendered": Array [
      Object {
        "instance": null,
        "key": undefined,
        "nodeType": "function",
        "props": Object {
          "handleSearchTermChange": [Function],
          "searchTerm": "",
          "showSearch": true,
        },
        "ref": null,
        "rendered": null,
        "type": [Function],
      },
      Object {
        "instance": null,
        "key": undefined,
        "nodeType": "host",
        "props": Object {
          "children": "Search Gifs",
          "onClick": [Function],
        },
        "ref": null,
        "rendered": "Search Gifs",
        "type": "button",
      },
      Object {
        "instance": null,
        "key": undefined,
        "nodeType": "host",
        "props": Object {
          "children": "Random Gif",
          "onClick": [Function],
        },
        "ref": null,
        "rendered": "Random Gif",
        "type": "button",
      },
      Object {
        "instance": null,
        "key": undefined,
        "nodeType": "class",
        "props": Object {
          "children": <button>
            Faves
          </button>,
          "replace": false,
          "to": "/faves",
        },
        "ref": null,
        "rendered": Object {
          "instance": null,
          "key": undefined,
          "nodeType": "host",
          "props": Object {
            "children": "Faves",
          },
          "ref": null,
          "rendered": "Faves",
          "type": "button",
        },
        "type": [Function],
      },
      Object {
        "instance": null,
        "key": undefined,
        "nodeType": "host",
        "props": Object {
          "children": <div
            className="col-3"
          >
            <img
              alt={undefined}
              src={undefined}
            />
          </div>,
          "className": "row",
        },
        "ref": null,
        "rendered": Object {
          "instance": null,
          "key": undefined,
          "nodeType": "host",
          "props": Object {
            "children": <img
              alt={undefined}
              src={undefined}
            />,
            "className": "col-3",
          },
          "ref": null,
          "rendered": Object {
            "instance": null,
            "key": undefined,
            "nodeType": "host",
            "props": Object {
              "alt": undefined,
              "src": undefined,
            },
            "ref": null,
            "rendered": null,
            "type": "img",
          },
          "type": "div",
        },
        "type": "div",
      },
      Object {
        "instance": null,
        "key": undefined,
        "nodeType": "function",
        "props": Object {},
        "ref": null,
        "rendered": null,
        "type": [Function],
      },
    ],
    "type": "div",
  },
  Symbol(enzyme.__nodes__): Array [
    Object {
      "instance": null,
      "key": undefined,
      "nodeType": "host",
      "props": Object {
        "children": Array [
          <Header
            handleSearchTermChange={[Function]}
            searchTerm=""
            showSearch={true}
          />,
          <button
            onClick={[Function]}
          >
            Search Gifs
          </button>,
          <button
            onClick={[Function]}
          >
            Random Gif
          </button>,
          <Link
            replace={false}
            to="/faves"
          >
            <button>
              Faves
            </button>
          </Link>,
          <div
            className="row"
          >
            <div
              className="col-3"
            >
              <img
                alt={undefined}
                src={undefined}
              />
            </div>
          </div>,
          <Footer />,
        ],
        "className": "app",
      },
      "ref": null,
      "rendered": Array [
        Object {
          "instance": null,
          "key": undefined,
          "nodeType": "function",
          "props": Object {
            "handleSearchTermChange": [Function],
            "searchTerm": "",
            "showSearch": true,
          },
          "ref": null,
          "rendered": null,
          "type": [Function],
        },
        Object {
          "instance": null,
          "key": undefined,
          "nodeType": "host",
          "props": Object {
            "children": "Search Gifs",
            "onClick": [Function],
          },
          "ref": null,
          "rendered": "Search Gifs",
          "type": "button",
        },
        Object {
          "instance": null,
          "key": undefined,
          "nodeType": "host",
          "props": Object {
            "children": "Random Gif",
            "onClick": [Function],
          },
          "ref": null,
          "rendered": "Random Gif",
          "type": "button",
        },
        Object {
          "instance": null,
          "key": undefined,
          "nodeType": "class",
          "props": Object {
            "children": <button>
              Faves
            </button>,
            "replace": false,
            "to": "/faves",
          },
          "ref": null,
          "rendered": Object {
            "instance": null,
            "key": undefined,
            "nodeType": "host",
            "props": Object {
              "children": "Faves",
            },
            "ref": null,
            "rendered": "Faves",
            "type": "button",
          },
          "type": [Function],
        },
        Object {
          "instance": null,
          "key": undefined,
          "nodeType": "host",
          "props": Object {
            "children": <div
              className="col-3"
            >
              <img
                alt={undefined}
                src={undefined}
              />
            </div>,
            "className": "row",
          },
          "ref": null,
          "rendered": Object {
            "instance": null,
            "key": undefined,
            "nodeType": "host",
            "props": Object {
              "children": <img
                alt={undefined}
                src={undefined}
              />,
              "className": "col-3",
            },
            "ref": null,
            "rendered": Object {
              "instance": null,
              "key": undefined,
              "nodeType": "host",
              "props": Object {
                "alt": undefined,
                "src": undefined,
              },
              "ref": null,
              "rendered": null,
              "type": "img",
            },
            "type": "div",
          },
          "type": "div",
        },
        Object {
          "instance": null,
          "key": undefined,
          "nodeType": "function",
          "props": Object {},
          "ref": null,
          "rendered": null,
          "type": [Function],
        },
      ],
      "type": "div",
    },
  ],
  Symbol(enzyme.__options__): Object {
    "adapter": ReactSixteenAdapter {
      "options": Object {
        "enableComponentDidUpdateOnSetState": true,
      },
    },
  },
}
`;
